src/api/aiPlaygroundApi.ts(436,29): error TS2550: Property 'at' does not exist on type 'ChatMessage[]'. Do you need to change your target library? Try changing the 'lib' compiler option to 'es2022' or later.
src/api/encryptionHelper.ts(30,49): error TS2802: Type 'Uint8Array<ArrayBuffer>' can only be iterated through when using the '--downlevelIteration' flag or with a '--target' of 'es2015' or higher.
src/api/encryptionHelper.ts(49,46): error TS2802: Type 'Uint8Array<ArrayBuffer>' can only be iterated through when using the '--downlevelIteration' flag or with a '--target' of 'es2015' or higher.
src/api/encryptionHelper.ts(50,39): error TS2802: Type 'Uint8Array<ArrayBuffer>' can only be iterated through when using the '--downlevelIteration' flag or with a '--target' of 'es2015' or higher.
src/api/supabaseClient.ts(3,21): error TS1343: The 'import.meta' meta-property is only allowed when the '--module' option is 'es2020', 'es2022', 'esnext', 'system', 'node16', 'node18', 'node20', or 'nodenext'.
src/api/supabaseClient.ts(3,33): error TS2339: Property 'env' does not exist on type 'ImportMeta'.
src/api/supabaseClient.ts(4,25): error TS1343: The 'import.meta' meta-property is only allowed when the '--module' option is 'es2020', 'es2022', 'esnext', 'system', 'node16', 'node18', 'node20', or 'nodenext'.
src/api/supabaseClient.ts(4,37): error TS2339: Property 'env' does not exist on type 'ImportMeta'.
src/modules/ai-playground/AiPlaygroundPanel.tsx(674,41): error TS2802: Type 'Set<string>' can only be iterated through when using the '--downlevelIteration' flag or with a '--target' of 'es2015' or higher.
